[demos.creative-tim.com/nextjs-material-dashboard/admin/dashboard.html]
[www.google-analytics.com/analytics.js]
[backblue.gif]
[fade.gif]
[index.html]
[cdn.jsdelivr.net/chartist.js/latest/chartist.min.css]
[cdn.jsdelivr.net/chartist.js/latest/chartist.min.js]
[maxcdn.bootstrapcdn.com/font-awesome/4.7.0/css/font-awesome.min.css]
[demos.creative-tim.com/nextjs-material-dashboard/_next/static/css/styles.a75f4a9a.chunk.css]
[demos.creative-tim.com/nextjs-material-dashboard/_next/static/chunks/main-c4e74cb6651055bb56f3.js]
[demos.creative-tim.com/nextjs-material-dashboard/_next/static/chunks/webpack-7aef8f5a8ab574c502f5.js]
[demos.creative-tim.com/nextjs-material-dashboard/_next/static/chunks/framework.5e03480598ad1120f007.js]
[demos.creative-tim.com/nextjs-material-dashboard/_next/static/chunks/commons.c602aabf4eb4bbfd0051.js]
[demos.creative-tim.com/nextjs-material-dashboard/_next/static/chunks/4f4f4a58646aa4c58e478d661ea604b53b693030.aafe685464fbfb2a7777.js]
[demos.creative-tim.com/nextjs-material-dashboard/_next/static/chunks/styles.6aa98a6a1d1432c62be8.js]
[demos.creative-tim.com/nextjs-material-dashboard/_next/static/chunks/pages/_app-8e850b6892299d902e1a.js]
[demos.creative-tim.com/nextjs-material-dashboard/_next/static/chunks/194d40f2.a8f83289bbd1859e39ce.js]
[demos.creative-tim.com/nextjs-material-dashboard/_next/static/chunks/f60291676d0dd4f9b82a088196d7813045533fab.95300c043110eb056eda.js]
[demos.creative-tim.com/nextjs-material-dashboard/_next/static/chunks/e30924bfb495b66ad3d248de045314fe0efcbfab.71f5c0cd410d508c2114.js]
[demos.creative-tim.com/nextjs-material-dashboard/_next/static/chunks/b952664dc9bd852e358eba1e6564446469816ff5.5c365939e60300b14347.js]
[demos.creative-tim.com/nextjs-material-dashboard/_next/static/chunks/f9aec2fd90eb06389962912ac4bdcf3b371260ac.56c3d970b1d9d1c07913.js]
[demos.creative-tim.com/nextjs-material-dashboard/_next/static/chunks/pages/admin/dashboard-767015b7fe18cb29af8a.js]
[demos.creative-tim.com/nextjs-material-dashboard/admin/user-profile.html]
[demos.creative-tim.com/nextjs-material-dashboard/admin/table-list.html]
[demos.creative-tim.com/nextjs-material-dashboard/admin/typography.html]
[demos.creative-tim.com/nextjs-material-dashboard/admin/icons.html]
[demos.creative-tim.com/nextjs-material-dashboard/admin/maps.html]
[demos.creative-tim.com/nextjs-material-dashboard/admin/notifications.html]
[demos.creative-tim.com/nextjs-material-dashboard/admin/upgrade-to-pro.html]
[demos.creative-tim.com/nextjs-material-dashboard/_next/static/images/sidebar-2-310509c95512893dc661bd3a6b0d2a5d.jpg]
[demos.creative-tim.com/nextjs-material-dashboard/_next/static/images/sidebar-1-8e9f0a3c5578a20733d5bad0e51c91fb.jpg]
[demos.creative-tim.com/nextjs-material-dashboard/_next/static/images/sidebar-3-2503169017014036cf0dd0dd7c2a2b8a.jpg]
[demos.creative-tim.com/nextjs-material-dashboard/_next/static/images/sidebar-4-fc9cb0538eb5a4dfd6fbb1bf6dd6189b.jpg]
[demos.creative-tim.com/nextjs-material-dashboard/_next/static/chunks/polyfills-eb7870d6fc24185b31c0.js]
[demos.creative-tim.com/nextjs-material-dashboard/_next/static/eKj42OWfZPodbbHsWkhu3/_buildManifest.js]
[demos.creative-tim.com/nextjs-material-dashboard/admin/dashboard.html]
[www.googletagmanager.com/gtm5445.html]
[cdn.jsdelivr.net/chartist.js/latest/chartist.min.css]
[maxcdn.bootstrapcdn.com/font-awesome/4.7.0/css/font-awesome.min.css]
[demos.creative-tim.com/nextjs-material-dashboard/_next/static/eKj42OWfZPodbbHsWkhu3/_ssgManifest.js]
[demos.creative-tim.com/nextjs-material-dashboard/_next/static/images/bg7-b08234a2b7e8e4fb2e3c4e713252021c.jpg]
[demos.creative-tim.com/nextjs-material-dashboard/_next/static/css/styles.a75f4a9a.chunk.css]
[demos.creative-tim.com/nextjs-material-dashboard/_next/static/chunks/pages/admin/user-profile-b183399443b419b25dd2.js]
[demos.creative-tim.com/nextjs-material-dashboard/_next/static/images/marc-8880a65c57d7f031579335be153f64a0.jpg]
[demos.creative-tim.com/nextjs-material-dashboard/admin/user-profile.html]
[demos.creative-tim.com/nextjs-material-dashboard/_next/static/chunks/pages/admin/table-list-9e87b3587ca952d02944.js]
[demos.creative-tim.com/nextjs-material-dashboard/admin/table-list.html]
[demos.creative-tim.com/nextjs-material-dashboard/_next/static/chunks/pages/admin/typography-94e61d68d3b98b9e837f.js]
[demos.creative-tim.com/nextjs-material-dashboard/admin/typography.html]
[demos.creative-tim.com/nextjs-material-dashboard/_next/static/chunks/pages/admin/icons-e9930a87a7ee544c2fc3.js]
[demos.creative-tim.com/nextjs-material-dashboard/admin/icons.html]
[demos.creative-tim.com/nextjs-material-dashboard/admin/maps.html]
[demos.creative-tim.com/nextjs-material-dashboard/_next/static/chunks/pages/admin/maps-ad531a9c914003f34086.js]
[demos.creative-tim.com/nextjs-material-dashboard/_next/static/chunks/pages/admin/notifications-55390c97e8597348f074.js]
[demos.creative-tim.com/nextjs-material-dashboard/admin/notifications.html]
[demos.creative-tim.com/nextjs-material-dashboard/_next/static/chunks/pages/admin/upgrade-to-pro-d5d625edc304d8161e8d.js]
[demos.creative-tim.com/nextjs-material-dashboard/admin/upgrade-to-pro.html]
